A51 MACRO ASSEMBLER  MATRIX_LED                                                           06/15/2022 10:10:48 PAGE     1


MACRO ASSEMBLER A51 V8.2.7.0
OBJECT MODULE PLACED IN .\Objects\Matrix_LED.obj
ASSEMBLER INVOKED BY: E:\Programing Dev Softwares\KeilC\C51\BIN\A51.EXE Matrix_LED.a51 SET(SMALL) DEBUG PRINT(.\Listings
                      \Matrix_LED.lst) OBJECT(.\Objects\Matrix_LED.obj) EP

LOC  OBJ            LINE     SOURCE

0000                   1     ORG 0000h
0000 020069            2             ljmp RST_INT
0030                   3     ORG 0030h
                       4             ;dung R0 luu gia tri hang, R1 luu gia tri cot
0030                   5             main_pro:
0030 E5A0              6             mov A,P2 
0032 5401              7             anl A,#00000001b
0034 B40006            8             cjne A,#00h, skip  
0037 120047            9             lcall nhannut1
                      10             
003A 020044           11             ljmp skip1
003D                  12             skip:
003D 120093           13             lcall nhannut2
                      14             
0040 8880             15             mov P0,R0
0042 89A0             16             mov P2,R1
                      17     
0044                  18             skip1:
0044 020030           19             ljmp main_pro
                      20             
0047                  21             nhannut1:
0047 E5B0             22             mov A, 0B0h  
0049 540F             23             anl A, #0Fh  
004B B40F03           24             cjne A, #0Fh, duocnhan1
004E 020047           25             ljmp nhannut1
                      26             
0051                  27             duocnhan1:
0051 1200F3           28             lcall delay
0054 E5B0             29             mov A, 0B0h
0056 540F             30             anl A, #0FH
0058 B40F1A           31             cjne A, #0Fh, kiemtra1
005B 8000             32             sjmp chongdoi1
                      33             
                      34             
005D                  35             chongdoi1:
005D 1200F3           36             lcall delay
0060 E5B0             37             mov A, 0B0h
0062 540F             38             anl A, #0Fh
0064 B40FEA           39             cjne A, #0Fh, duocnhan1
0067 80F4             40             sjmp chongdoi1
                      41             
0069                  42             RST_INT:
0069 758000           43             mov 80h, #00h   ;Khoi tao gia tri ban dau cho cot LED khi chua nhan nut //P0
006C 75A000           44             mov 0A0h, #00h ;Khoi tao gia tri ban dau cho hang LED khi chua nhan nut //P2
006F 759000           45             mov 90h, #00h   ;Khoi tao gia tri ban dau cho cot LED khi chua nhan nut //P1
0072 020030           46             ljmp main_pro
                      47             
                      48             
0075                  49             kiemtra1:
0075 B2A0             50             cpl P2.0
0077 120117           51             lcall delay500ms
007A B40E04           52             cjne A, #00001110b, two1
007D 7808             53             mov R0,#00001000b
007F E4               54             clr A
0080 22               55             ret
                      56             
0081                  57             two1:
A51 MACRO ASSEMBLER  MATRIX_LED                                                           06/15/2022 10:10:48 PAGE     2

0081 B40D04           58             cjne A, #00001101b, three1
0084 780C             59             mov R0, #00001100b
0086 E4               60             clr A
0087 22               61             ret
                      62             
0088                  63             three1:
0088 B40B04           64             cjne A, #00001011b, four1
008B 780E             65             mov R0, #00001110b
008D E4               66             clr A
008E 22               67             ret
                      68             
008F                  69             four1:
                      70             ; 4: 0000 0111
008F 780F             71             mov R0,#00001111b
0091 E4               72             clr A
0092 22               73             ret
                      74             
                      75     
                      76             ;-- sau khi nhan nut lan 1 ma sau 10s khong nhan nut lan 2
                      77             ;-- tu dong RST lai trang thai ban dau cua he thong
0093                  78             nhannut2:
0093 7A0F             79             mov R2, #15
0095                  80             lap5s:
0095 7C05             81             mov R4, #005h
0097                  82             lap1:
0097 7FC8             83             mov R7, #0C8h
0099                  84             lap2:   
                      85             ;-- Timer1 mode 1 working here
0099 758910           86             mov TMOD, #10h
009C 758DFC           87             mov TH1, #0FCh
009F 758B18           88             mov TL1, #018h
00A2 D28E             89             setb TR1
00A4                  90             lapnhan2:
                      91             ;-- nhan phan hoi tu lan nhan 2 --
00A4 E5B0             92             mov A, 0B0h
00A6 540F             93             anl A, #0Fh
00A8 B40F12           94             cjne A, #0Fh, duocnhan2 
                      95             ;------------------------------
00AB 308FF6           96             jnb TF1, lapnhan2
00AE C28F             97             clr TF1
00B0 C28E             98             clr TR1
00B2 DFE5             99             djnz R7, lap2
00B4 DCE1            100             djnz R4, lap1
00B6 DADD            101             djnz R2, lap5s
00B8 B2A0            102             cpl P2.0
00BA 020069          103             ljmp RST_INT
                     104             
                     105             
                     106     
                     107             
00BD                 108             duocnhan2:
00BD 1200F3          109             lcall delay
00C0 E5B0            110             mov A, 0B0h
00C2 540F            111             anl A, #0FH
00C4 B40F0E          112             cjne A, #0Fh, kiemtra2
00C7 8000            113             sjmp chongdoi2
                     114             
                     115             
00C9                 116             chongdoi2:
00C9 1200F3          117             lcall delay
00CC E5B0            118             mov A, 0B0h
00CE 540F            119             anl A, #0Fh
00D0 B40FEA          120             cjne A, #0Fh, duocnhan2
00D3 80F4            121             sjmp chongdoi2
                     122             
                     123     
A51 MACRO ASSEMBLER  MATRIX_LED                                                           06/15/2022 10:10:48 PAGE     3

                     124             
00D5                 125             kiemtra2:
00D5 B2A0            126             cpl P2.0
00D7 120117          127             lcall delay500ms
00DA B40E04          128             cjne A, #00001110b, two2
00DD 7980            129             mov R1,#10000000b
00DF E4              130             clr A
00E0 22              131             ret
                     132             
00E1                 133             two2:
00E1 B40D04          134             cjne A, #00001101b, three2
00E4 79C0            135             mov R1, #11000000b
00E6 E4              136             clr A
00E7 22              137             ret
                     138             
00E8                 139             three2:
00E8 B40B04          140             cjne A, #00001011b, four2
00EB 79E0            141             mov R1, #11100000b
00ED E4              142             clr A
00EE 22              143             ret
                     144             
00EF                 145             four2:
                     146             ; 4: 0000 0111
00EF 79F0            147             mov R1, #11110000b
00F1 E4              148             clr A
00F2 22              149             ret
                     150             
                     151     
                     152             ;delay ngan
00F3                 153             delay:
00F3 7A14            154             mov R2, #20
00F5                 155             loop1:
00F5 7BFA            156             mov R3, #250
00F7                 157             loop2:
00F7 DBFE            158             djnz R3, loop2
00F9 DAFA            159             djnz R2, loop1
00FB 22              160             ret
                     161             
                     162             
                     163             
                     164             
                     165             ;delay
00FC                 166             delay1s:
                     167             ; su dung timer 0 che do 1
00FC 7E05            168             mov R6, #005h
00FE                 169             loop5:
00FE 7DC8            170             mov R5, #0C8h
0100                 171             loop4:
0100 758901          172             mov TMOD, #01h
0103 758CFC          173             mov TH0, #0FCh
0106 758A18          174             mov TL0, #018h
0109 D28C            175             setb TR0
010B                 176             loop_1ms:
010B 308DFD          177             jnb TF0, loop_1ms
010E C28D            178             clr TF0
0110 C28C            179             clr TR0
0112 DDEC            180             djnz R5, loop4
0114 DEE8            181             djnz R6, loop5
0116 22              182             ret
                     183     
0117                 184             delay500ms:
                     185             ; su dung timer 0 che do 1
0117 7E05            186             mov R6, #005h
0119                 187             loop5a:
0119 7D64            188             mov R5, #064h
011B                 189             loop4a:
A51 MACRO ASSEMBLER  MATRIX_LED                                                           06/15/2022 10:10:48 PAGE     4

011B 758901          190             mov TMOD, #01h
011E 758CFC          191             mov TH0, #0FCh
0121 758A18          192             mov TL0, #018h
0124 D28C            193             setb TR0
0126                 194             loop_1msa:
0126 308DFD          195             jnb TF0, loop_1msa
0129 C28D            196             clr TF0
012B C28C            197             clr TR0
012D DDEC            198             djnz R5, loop4a
012F DEE8            199             djnz R6, loop5a
0131 22              200             ret
                     201     
                     202     END
A51 MACRO ASSEMBLER  MATRIX_LED                                                           06/15/2022 10:10:48 PAGE     5

SYMBOL TABLE LISTING
------ ----- -------


N A M E             T Y P E  V A L U E   ATTRIBUTES

CHONGDOI1. . . . .  C ADDR   005DH   A   
CHONGDOI2. . . . .  C ADDR   00C9H   A   
DELAY. . . . . . .  C ADDR   00F3H   A   
DELAY1S. . . . . .  C ADDR   00FCH   A   
DELAY500MS . . . .  C ADDR   0117H   A   
DUOCNHAN1. . . . .  C ADDR   0051H   A   
DUOCNHAN2. . . . .  C ADDR   00BDH   A   
FOUR1. . . . . . .  C ADDR   008FH   A   
FOUR2. . . . . . .  C ADDR   00EFH   A   
KIEMTRA1 . . . . .  C ADDR   0075H   A   
KIEMTRA2 . . . . .  C ADDR   00D5H   A   
LAP1 . . . . . . .  C ADDR   0097H   A   
LAP2 . . . . . . .  C ADDR   0099H   A   
LAP5S. . . . . . .  C ADDR   0095H   A   
LAPNHAN2 . . . . .  C ADDR   00A4H   A   
LOOP1. . . . . . .  C ADDR   00F5H   A   
LOOP2. . . . . . .  C ADDR   00F7H   A   
LOOP4. . . . . . .  C ADDR   0100H   A   
LOOP4A . . . . . .  C ADDR   011BH   A   
LOOP5. . . . . . .  C ADDR   00FEH   A   
LOOP5A . . . . . .  C ADDR   0119H   A   
LOOP_1MS . . . . .  C ADDR   010BH   A   
LOOP_1MSA. . . . .  C ADDR   0126H   A   
MAIN_PRO . . . . .  C ADDR   0030H   A   
NHANNUT1 . . . . .  C ADDR   0047H   A   
NHANNUT2 . . . . .  C ADDR   0093H   A   
P0 . . . . . . . .  D ADDR   0080H   A   
P2 . . . . . . . .  D ADDR   00A0H   A   
RST_INT. . . . . .  C ADDR   0069H   A   
SKIP . . . . . . .  C ADDR   003DH   A   
SKIP1. . . . . . .  C ADDR   0044H   A   
TF0. . . . . . . .  B ADDR   0088H.5 A   
TF1. . . . . . . .  B ADDR   0088H.7 A   
TH0. . . . . . . .  D ADDR   008CH   A   
TH1. . . . . . . .  D ADDR   008DH   A   
THREE1 . . . . . .  C ADDR   0088H   A   
THREE2 . . . . . .  C ADDR   00E8H   A   
TL0. . . . . . . .  D ADDR   008AH   A   
TL1. . . . . . . .  D ADDR   008BH   A   
TMOD . . . . . . .  D ADDR   0089H   A   
TR0. . . . . . . .  B ADDR   0088H.4 A   
TR1. . . . . . . .  B ADDR   0088H.6 A   
TWO1 . . . . . . .  C ADDR   0081H   A   
TWO2 . . . . . . .  C ADDR   00E1H   A   


REGISTER BANK(S) USED: 0 


ASSEMBLY COMPLETE.  0 WARNING(S), 0 ERROR(S)
